// Jest Snapshot v1, https://goo.gl/fbAQLP

exports[`SearchBar search bar should display passed label, input value and match snapshot 1`] = `
<div>
  <div
    class="sc-bBrHrO jrHWRb"
  >
    <label
      class="sc-cxabCf cnuyDT"
      for="storage-input"
    >
      search-bar-label
    </label>
    <div
      class="sc-ivTmOn jWKPgk"
    >
      <svg
        data-testid="search-icon"
      >
        search.svg
      </svg>
      <input
        class="sc-llJcti cHKmYK"
        id="storage-input"
        placeholder="Type here"
        type="text"
        value="input-value"
      />
    </div>
  </div>
  <div
    class="sc-iIPllB fBkesa"
  >
    <span
      class="sc-gicCDI bkbDix"
    >
      Type and press enter to search for specific pokemon, type or move.
    </span>
    <span
      class="sc-gicCDI bkbDix"
    >
      Clear input and press enter to search for all pokemons, types and moves.
    </span>
  </div>
</div>
`;
