// Jest Snapshot v1, https://goo.gl/fbAQLP

exports[`AvatarField should be rendered and match snapshot 1`] = `
<div>
  <label
    class="sc-bczRLJ dJSjfS"
    for="avatar"
  >
    Avatar
    <input
      id="avatar"
      name="avatar"
      type="file"
    />
  </label>
  <span
    data-testid="message-mock"
    style="opacity: 0; text-align: center; color: red;"
  />
</div>
`;
